> Task :app:preBuild UP-TO-DATE
> Task :app:prePepperDebugBuild UP-TO-DATE
> Task :app:mergePepperDebugNativeDebugMetadata NO-SOURCE
> Task :app:generatePepperDebugBuildConfig UP-TO-DATE
> Task :app:javaPreCompilePepperDebug UP-TO-DATE
> Task :app:checkPepperDebugAarMetadata UP-TO-DATE
> Task :app:processPepperDebugNavigationResources UP-TO-DATE
> Task :app:compilePepperDebugNavigationResources UP-TO-DATE
> Task :app:generatePepperDebugResValues UP-TO-DATE
> Task :app:mapPepperDebugSourceSetPaths UP-TO-DATE
> Task :app:generatePepperDebugResources UP-TO-DATE
> Task :app:mergePepperDebugResources UP-TO-DATE
> Task :app:packagePepperDebugResources UP-TO-DATE
> Task :app:parsePepperDebugLocalResources UP-TO-DATE
> Task :app:createPepperDebugCompatibleScreenManifests UP-TO-DATE
> Task :app:extractDeepLinksPepperDebug UP-TO-DATE
> Task :app:processPepperDebugMainManifest UP-TO-DATE
> Task :app:processPepperDebugManifest UP-TO-DATE
> Task :app:processPepperDebugManifestForPackage UP-TO-DATE
> Task :app:processPepperDebugResources UP-TO-DATE
> Task :app:compilePepperDebugJavaWithJavac UP-TO-DATE
> Task :app:mergePepperDebugShaders UP-TO-DATE
> Task :app:compilePepperDebugShaders NO-SOURCE
> Task :app:generatePepperDebugAssets UP-TO-DATE
> Task :app:mergePepperDebugAssets UP-TO-DATE
> Task :app:compressPepperDebugAssets UP-TO-DATE
> Task :app:checkPepperDebugDuplicateClasses UP-TO-DATE
> Task :app:desugarPepperDebugFileDependencies UP-TO-DATE
> Task :app:mergeExtDexPepperDebug UP-TO-DATE
> Task :app:mergeLibDexPepperDebug UP-TO-DATE
> Task :app:hiltAggregateDepsPepperDebug UP-TO-DATE

> Task :app:hiltJavaCompilePepperDebug
./gradlew : C:\Users\ma1183500\Documents\FePsy\Cursor\pepper_android_realtime\app\build\generated\hilt\component_source
s\pepperDebug\io\github\anonymous\pepper_realtime\PepperApp_HiltComponents.java:143: error: 
[dagger.hilt.android.processor.internal.viewmodel.ViewModelValidationPlugin] 
In Zeile:1 Zeichen:1
+ ./gradlew app:assembleDebug > build_output.txt 2>&1
+ ~~~~~~~~~~~~~~~~~~~~~~~~~~~~~~~~~~~~~~~~~~~~~~~~~~~
    + CategoryInfo          : NotSpecified: (C:\Users\ma1183...idationPlugin] :String) [], RemoteException
    + FullyQualifiedErrorId : NativeCommandError
 
  public abstract static class SingletonC implements FragmentGetContextFix.FragmentGetContextFixEntryPoint,
                         ^
  Injection of an @HiltViewModel class is prohibited since it does not create a ViewModel instance correctly.
  Access the ViewModel via the Android APIs (e.g. ViewModelProvider) instead.
  Injected ViewModel: io.github.anonymous.pepper_realtime.ui.ChatViewModel
  
      io.github.anonymous.pepper_realtime.ui.ChatViewModel is injected at
          io.github.anonymous.pepper_realtime.di.ControllerModule.provideChatSessionController(à, viewModel, à)
      io.github.anonymous.pepper_realtime.controller.ChatSessionController is injected at
          io.github.anonymous.pepper_realtime.ui.ChatActivity.sessionController
      io.github.anonymous.pepper_realtime.ui.ChatActivity is injected at
          io.github.anonymous.pepper_realtime.ui.ChatActivity_GeneratedInjector.injectChatActivity(io.github.anonymous.
pepper_realtime.ui.ChatActivity) [io.github.anonymous.pepper_realtime.PepperApp_HiltComponents.SingletonC ? 
io.github.anonymous.pepper_realtime.PepperApp_HiltComponents.ActivityRetainedC ? 
io.github.anonymous.pepper_realtime.PepperApp_HiltComponents.ActivityC]
C:\Users\ma1183500\Documents\FePsy\Cursor\pepper_android_realtime\app\build\generated\hilt\component_sources\pepperDebu
g\io\github\anonymous\pepper_realtime\PepperApp_HiltComponents.java:143: error: 
[dagger.hilt.android.processor.internal.viewmodel.ViewModelValidationPlugin] 
  public abstract static class SingletonC implements FragmentGetContextFix.FragmentGetContextFixEntryPoint,
                         ^
  Injection of an @HiltViewModel class is prohibited since it does not create a ViewModel instance correctly.
  Access the ViewModel via the Android APIs (e.g. ViewModelProvider) instead.
  Injected ViewModel: io.github.anonymous.pepper_realtime.ui.ChatViewModel
  
      io.github.anonymous.pepper_realtime.ui.ChatViewModel is injected at
          io.github.anonymous.pepper_realtime.di.ControllerModule.provideChatInterruptController(viewModel, à)
      io.github.anonymous.pepper_realtime.controller.ChatInterruptController is injected at
          io.github.anonymous.pepper_realtime.ui.ChatActivity.interruptController
      io.github.anonymous.pepper_realtime.ui.ChatActivity is injected at
          io.github.anonymous.pepper_realtime.ui.ChatActivity_GeneratedInjector.injectChatActivity(io.github.anonymous.
pepper_realtime.ui.ChatActivity) [io.github.anonymous.pepper_realtime.PepperApp_HiltComponents.SingletonC ? 
io.github.anonymous.pepper_realtime.PepperApp_HiltComponents.ActivityRetainedC ? 
io.github.anonymous.pepper_realtime.PepperApp_HiltComponents.ActivityC]
C:\Users\ma1183500\Documents\FePsy\Cursor\pepper_android_realtime\app\build\generated\hilt\component_sources\pepperDebu
g\io\github\anonymous\pepper_realtime\PepperApp_HiltComponents.java:143: error: 
[dagger.hilt.android.processor.internal.viewmodel.ViewModelValidationPlugin] 
  public abstract static class SingletonC implements FragmentGetContextFix.FragmentGetContextFixEntryPoint,
                         ^
  Injection of an @HiltViewModel class is prohibited since it does not create a ViewModel instance correctly.
  Access the ViewModel via the Android APIs (e.g. ViewModelProvider) instead.
  Injected ViewModel: io.github.anonymous.pepper_realtime.ui.ChatViewModel
  
      io.github.anonymous.pepper_realtime.ui.ChatViewModel is injected at
          io.github.anonymous.pepper_realtime.di.ControllerModule.provideRealtimeEventHandler(à, viewModel, à)
      io.github.anonymous.pepper_realtime.network.RealtimeEventHandler is injected at
          io.github.anonymous.pepper_realtime.ui.ChatActivity.eventHandler
      io.github.anonymous.pepper_realtime.ui.ChatActivity is injected at
          io.github.anonymous.pepper_realtime.ui.ChatActivity_GeneratedInjector.injectChatActivity(io.github.anonymous.
pepper_realtime.ui.ChatActivity) [io.github.anonymous.pepper_realtime.PepperApp_HiltComponents.SingletonC ? 
io.github.anonymous.pepper_realtime.PepperApp_HiltComponents.ActivityRetainedC ? 
io.github.anonymous.pepper_realtime.PepperApp_HiltComponents.ActivityC]
3 errors

> Task :app:hiltJavaCompilePepperDebug FAILED


[Incubating] Problems report is available at: file:///C:/Users/ma1183500/Documents/FePsy/Cursor/pepper_android_realtime/build/reports/problems/problems-report.html
FAILURE: Build failed with an exception.

* What went wrong:
Execution failed for task ':app:hiltJavaCompilePepperDebug'.
> Compilation failed; see the compiler output below.
  C:\Users\ma1183500\Documents\FePsy\Cursor\pepper_android_realtime\app\build\generated\hilt\component_sources\pepperDe
bug\io\github\anonymous\pepper_realtime\PepperApp_HiltComponents.java:143: error: 
[dagger.hilt.android.processor.internal.viewmodel.ViewModelValidationPlugin] 
    public abstract static class SingletonC implements FragmentGetContextFix.FragmentGetContextFixEntryPoint,
                           ^
    Injection of an @HiltViewModel class is prohibited since it does not create a ViewModel instance correctly.
    Access the ViewModel via the Android APIs (e.g. ViewModelProvider) instead.
    Injected ViewModel: io.github.anonymous.pepper_realtime.ui.ChatViewModel
    
        io.github.anonymous.pepper_realtime.ui.ChatViewModel is injected at
            io.github.anonymous.pepper_realtime.di.ControllerModule.provideChatSessionController(à, viewModel, à)
        io.github.anonymous.pepper_realtime.controller.ChatSessionController is injected at
            io.github.anonymous.pepper_realtime.ui.ChatActivity.sessionController
        io.github.anonymous.pepper_realtime.ui.ChatActivity is injected at
            io.github.anonymous.pepper_realtime.ui.ChatActivity_GeneratedInjector.injectChatActivity(io.github.anonymou
s.pepper_realtime.ui.ChatActivity) [io.github.anonymous.pepper_realtime.PepperApp_HiltComponents.SingletonC ? 
io.github.anonymous.pepper_realtime.PepperApp_HiltComponents.ActivityRetainedC ? 
io.github.anonymous.pepper_realtime.PepperApp_HiltComponents.ActivityC]
  C:\Users\ma1183500\Documents\FePsy\Cursor\pepper_android_realtime\app\build\generated\hilt\component_sources\pepperDe
bug\io\github\anonymous\pepper_realtime\PepperApp_HiltComponents.java:143: error: 
[dagger.hilt.android.processor.internal.viewmodel.ViewModelValidationPlugin] 
    public abstract static class SingletonC implements FragmentGetContextFix.FragmentGetContextFixEntryPoint,
                           ^
    Injection of an @HiltViewModel class is prohibited since it does not create a ViewModel instance correctly.
    Access the ViewModel via the Android APIs (e.g. ViewModelProvider) instead.
    Injected ViewModel: io.github.anonymous.pepper_realtime.ui.ChatViewModel
    
        io.github.anonymous.pepper_realtime.ui.ChatViewModel is injected at
            io.github.anonymous.pepper_realtime.di.ControllerModule.provideChatInterruptController(viewModel, à)
        io.github.anonymous.pepper_realtime.controller.ChatInterruptController is injected at
            io.github.anonymous.pepper_realtime.ui.ChatActivity.interruptController
        io.github.anonymous.pepper_realtime.ui.ChatActivity is injected at
            io.github.anonymous.pepper_realtime.ui.ChatActivity_GeneratedInjector.injectChatActivity(io.github.anonymou
s.pepper_realtime.ui.ChatActivity) [io.github.anonymous.pepper_realtime.PepperApp_HiltComponents.SingletonC ? 
io.github.anonymous.pepper_realtime.PepperApp_HiltComponents.ActivityRetainedC ? 
io.github.anonymous.pepper_realtime.PepperApp_HiltComponents.ActivityC]
  C:\Users\ma1183500\Documents\FePsy\Cursor\pepper_android_realtime\app\build\generated\hilt\component_sources\pepperDe
bug\io\github\anonymous\pepper_realtime\PepperApp_HiltComponents.java:143: error: 
[dagger.hilt.android.processor.internal.viewmodel.ViewModelValidationPlugin] 
    public abstract static class SingletonC implements FragmentGetContextFix.FragmentGetContextFixEntryPoint,
                           ^
    Injection of an @HiltViewModel class is prohibited since it does not create a ViewModel instance correctly.
    Access the ViewModel via the Android APIs (e.g. ViewModelProvider) instead.
    Injected ViewModel: io.github.anonymous.pepper_realtime.ui.ChatViewModel
    
        io.github.anonymous.pepper_realtime.ui.ChatViewModel is injected at
            io.github.anonymous.pepper_realtime.di.ControllerModule.provideRealtimeEventHandler(à, viewModel, à)
        io.github.anonymous.pepper_realtime.network.RealtimeEventHandler is injected at
            io.github.anonymous.pepper_realtime.ui.ChatActivity.eventHandler
        io.github.anonymous.pepper_realtime.ui.ChatActivity is injected at
            io.github.anonymous.pepper_realtime.ui.ChatActivity_GeneratedInjector.injectChatActivity(io.github.anonymou
s.pepper_realtime.ui.ChatActivity) [io.github.anonymous.pepper_realtime.PepperApp_HiltComponents.SingletonC ? 
io.github.anonymous.pepper_realtime.PepperApp_HiltComponents.ActivityRetainedC ? 
io.github.anonymous.pepper_realtime.PepperApp_HiltComponents.ActivityC]
  3 errors

* Try:
> Check your code and dependencies to fix the compilation error(s)
> Run with --scan to get full insights.

Deprecated Gradle features were used in this build, making it incompatible with Gradle 9.0.

You can use '--warning-mode all' to show the individual deprecation warnings and determine if they come from your own scripts or plugins.

For more on this, please refer to https://docs.gradle.org/8.13/userguide/command_line_interface.html#sec:command_line_warnings in the Gradle documentation.

BUILD FAILED in 8s
27 actionable tasks: 1 executed, 26 up-to-date
